  1.000  B / sec
 60.000  B / min
  3.600 KB / hour
 86.400 KB / day
604.800 KB / week
  2.592 MB / month
 31.536 MB / year
